
Map of Debug\rowboat.sm8 from link file Debug\rowboat.lkf - Sun Jul 23 19:58:28 2017


                               --------
                               Segments
                               --------

start 00008080 end 00008103 length   131 segment .const
start 00008106 end 00008487 length   897 segment .text
start 00004000 end 00004000 length     0 segment .eeprom
start 00000000 end 00000000 length     0 segment .bsct
start 00000000 end 0000001f length    31 segment .ubsct
start 0000001f end 0000001f length     0 segment .bit
start 0000001f end 0000001f length     0 segment .share
start 00000100 end 00000100 length     0 segment .data
start 00000100 end 00000100 length     0 segment .bss
start 00000000 end 000002d3 length   723 segment .info.
start 00000000 end 0000067a length  1658 segment .debug
start 00008000 end 00008080 length   128 segment .const
start 00008103 end 00008106 length     3 segment .init


                               -------
                               Modules
                               -------

C:\Program Files (x86)\COSMIC\FSE_Compilers\CXSTM8\Lib\crtsi0.sm8:
start 00008106 end 00008156 length    80 section .text
start 00000100 end 00000100 length     0 section .bss
start 00000000 end 00000000 length     0 section .ubsct
start 00000000 end 0000002f length    47 section .info.

Debug\hardware.o:
start 00008156 end 000083ab length   597 section .text
start 00000000 end 00000015 length    21 section .ubsct
start 00000000 end 0000037a length   890 section .debug
start 0000002f end 0000009f length   112 section .info.
start 00008080 end 000080a0 length    32 section .const

Debug\main.o:
start 000083ab end 00008401 length    86 section .text
start 0000037a end 00000537 length   445 section .debug
start 0000009f end 0000010b length   108 section .info.
start 000080a0 end 00008103 length    99 section .const

(C:\Program Files (x86)\COSMIC\FSE_Compilers\CXSTM8\Lib\libm0.sm8)fcmp.o:
start 00008401 end 00008437 length    54 section .text
start 0000010b end 00000139 length    46 section .info.

(C:\Program Files (x86)\COSMIC\FSE_Compilers\CXSTM8\Lib\libm0.sm8)lreg.o:
start 00000015 end 00000019 length     4 section .ubsct
start 00000139 end 00000167 length    46 section .info.

(C:\Program Files (x86)\COSMIC\FSE_Compilers\CXSTM8\Lib\libm0.sm8)sdivx.o:
start 00008437 end 00008462 length    43 section .text
start 00000167 end 00000196 length    47 section .info.

(C:\Program Files (x86)\COSMIC\FSE_Compilers\CXSTM8\Lib\libm0.sm8)uitof.o:
start 00008462 end 00008486 length    36 section .text
start 00000196 end 000001c5 length    47 section .info.

(C:\Program Files (x86)\COSMIC\FSE_Compilers\CXSTM8\Lib\libm0.sm8)xreg.o:
start 00000019 end 0000001c length     3 section .ubsct
start 000001c5 end 000001f3 length    46 section .info.

(C:\Program Files (x86)\COSMIC\FSE_Compilers\CXSTM8\Lib\libm0.sm8)yreg.o:
start 0000001c end 0000001f length     3 section .ubsct
start 000001f3 end 00000221 length    46 section .info.

Debug\stm8_interrupt_vector.o:
start 00008486 end 00008487 length     1 section .text
start 00000537 end 0000067a length   323 section .debug
start 00000221 end 0000029e length   125 section .info.
start 00008000 end 00008080 length   128 section .const


                             -----------
                             Stack usage
                             -----------

Debug\hardware.o:
_Init_TIM2                  2   (2)
f_TIM2_Capture_IRQ     >   18   (16)
f_TIM2_Update_IRQ      >   12   (10)

Debug\main.o:
_main                  >    4   (2)

Debug\stm8_interrupt_vector.o:
f_Default_IRQ_Handler  >    6   (6)

Stack size: 22


                              ---------
                              Call tree
                              ---------
   1 > __stext: (0)

   2 > _main: (2)
   3      + _Init_TIM2: (2)
       
   4 > f_Default_IRQ_Handler: (6)

   5 > f_TIM2_Capture_IRQ: (16)

   6 > f_TIM2_Update_IRQ: (10)

   7   _Init_TIM2 --> 3



                               -------
                               Symbols
                               -------

_Forward_Tbl            000080ae   defined in Debug\main.o section .const
_IR_State               00000000   defined in Debug\hardware.o section .ubsct
                                   used in Debug\main.o
_Init_TIM2              00008156   defined in Debug\hardware.o section .text
                                   used in Debug\main.o
_LED_Tbl                000080aa   defined in Debug\main.o section .const
_Left_Tbl               000080d1   defined in Debug\main.o section .const
_Neutral                000080a0   defined in Debug\main.o section .const
_Right_Tbl              000080ea   defined in Debug\main.o section .const
_ServoStep              0000000b   defined in Debug\hardware.o section .ubsct
                                   used in Debug\main.o
__endmem                000001ff   defined in command file
                                   *** not used ***
__endzp                 0000001f   defined in command file section .ubsct
                                   used in C:\Program Files (x86)\COSMIC\FSE_Compilers\CXSTM8\Lib\crtsi0.sm8
__idesc__               00008103   defined in linker section .init
                                   used in C:\Program Files (x86)\COSMIC\FSE_Compilers\CXSTM8\Lib\crtsi0.sm8
__memory                00000100   defined in command file section .bss
                                   used in C:\Program Files (x86)\COSMIC\FSE_Compilers\CXSTM8\Lib\crtsi0.sm8
__stack                 000003ff   defined in command file
                                   used in C:\Program Files (x86)\COSMIC\FSE_Compilers\CXSTM8\Lib\crtsi0.sm8
__startmem              00000100   defined in command file section .bss
                                   *** not used ***
__stext                 00008106   defined in C:\Program Files (x86)\COSMIC\FSE_Compilers\CXSTM8\Lib\crtsi0.sm8 section .text
                                   used in Debug\stm8_interrupt_vector.o
__vectab                00008000   defined in Debug\stm8_interrupt_vector.o section .const
_exit                   00008154   defined in C:\Program Files (x86)\COSMIC\FSE_Compilers\CXSTM8\Lib\crtsi0.sm8 section .text
_main                   000083ab   defined in Debug\main.o section .text
                                   used in C:\Program Files (x86)\COSMIC\FSE_Compilers\CXSTM8\Lib\crtsi0.sm8
c_fcmp                  00008401   defined in (C:\Program Files (x86)\COSMIC\FSE_Compilers\CXSTM8\Lib\libm0.sm8)fcmp.o section .text
                                   used in Debug\hardware.o
c_lreg                  00000015   defined in (C:\Program Files (x86)\COSMIC\FSE_Compilers\CXSTM8\Lib\libm0.sm8)lreg.o section .ubsct
                                   used in Debug\hardware.o
                                           (C:\Program Files (x86)\COSMIC\FSE_Compilers\CXSTM8\Lib\libm0.sm8)fcmp.o
                                           (C:\Program Files (x86)\COSMIC\FSE_Compilers\CXSTM8\Lib\libm0.sm8)uitof.o
c_sdivx                 0000843d   defined in (C:\Program Files (x86)\COSMIC\FSE_Compilers\CXSTM8\Lib\libm0.sm8)sdivx.o section .text
                                   used in Debug\hardware.o
c_smodx                 00008437   defined in (C:\Program Files (x86)\COSMIC\FSE_Compilers\CXSTM8\Lib\libm0.sm8)sdivx.o section .text
                                   used in Debug\hardware.o
c_uitof                 00008462   defined in (C:\Program Files (x86)\COSMIC\FSE_Compilers\CXSTM8\Lib\libm0.sm8)uitof.o section .text
                                   used in Debug\hardware.o
c_x                     00000019   defined in (C:\Program Files (x86)\COSMIC\FSE_Compilers\CXSTM8\Lib\libm0.sm8)xreg.o section .ubsct
                                   used in C:\Program Files (x86)\COSMIC\FSE_Compilers\CXSTM8\Lib\crtsi0.sm8
                                           Debug\hardware.o
                                           (C:\Program Files (x86)\COSMIC\FSE_Compilers\CXSTM8\Lib\libm0.sm8)fcmp.o
                                           (C:\Program Files (x86)\COSMIC\FSE_Compilers\CXSTM8\Lib\libm0.sm8)sdivx.o
c_y                     0000001c   defined in (C:\Program Files (x86)\COSMIC\FSE_Compilers\CXSTM8\Lib\libm0.sm8)yreg.o section .ubsct
                                   used in C:\Program Files (x86)\COSMIC\FSE_Compilers\CXSTM8\Lib\crtsi0.sm8
f_Default_IRQ_Handler   00008486   defined in Debug\stm8_interrupt_vector.o section .text
f_TIM2_Capture_IRQ      00008237   defined in Debug\hardware.o section .text
                                   used in Debug\stm8_interrupt_vector.o
f_TIM2_Update_IRQ       00008183   defined in Debug\hardware.o section .text
                                   used in Debug\stm8_interrupt_vector.o
